To honour the JVM settings for this build a single-use Daemon process will be forked. For more on this, please refer to https://docs.gradle.org/9.0-milestone-1/userguide/gradle_daemon.html#sec:disabling_the_daemon in the Gradle documentation.
Daemon will be stopped at the end of the build 

> Configure project :app
WARNING: The option setting 'android.overridePathCheck=true' is experimental.
The current default is 'false'.

[Incubating] Problems report is available at: file:///C:/Users/Yunus%20Emre/Desktop/IPTV-Mac-Projesi/build/reports/problems/problems-report.html
./gradlew : 
At line:1 char:1
+ ./gradlew :app:assembleDebug -Pandroid.debu
g.obfuscationMode=none --n ...
+ ~~~~~~~~~~~~~~~~~~~~~~~~~~~~~~~~~~~~~~~~~~~
~~~~~~~~~~~~~~~~~~~~~~~~~~
    + CategoryInfo          : NotSpecified:  
   (:String) [], RemoteException
    + FullyQualifiedErrorId : NativeCommandE 
   rror
 
FAILURE: Build failed with an exception.

* What went wrong:
Task '.debug.obfuscationMode=none' not found 
in root project 'IPTV-Mac-Projesi' and its su
bprojects.

* Try:
> Run gradlew tasks to get a list of availabl
e tasks.
> For more on name expansion, please refer to
 https://docs.gradle.org/9.0-milestone-1/user
guide/command_line_interface.html#sec:name_ab
breviation in the Gradle documentation.
> Run with --stacktrace option to get the sta
ck trace.
> Run with --info or --debug option to get mo
re log output.
> Run with --scan to get full insights.
> Get more help at https://help.gradle.org.

Deprecated Gradle features were used in this build, making it incompatible with Gradle 10.0.

You can use '--warning-mode all' to show the individual deprecation warnings and determine if they come from your own scripts or plugins.

For more on this, please refer to https://docs.gradle.org/9.0-milestone-1/userguide/command_line_interface.html#sec:command_line_warnings in the Gradle documentation.

BUILD FAILED in 7s
